// Jest Snapshot v1, https://goo.gl/fbAQLP

exports[`Components/Work Test suite Snapshot verification test for Work Component 1`] = `
<div
  className="p-4"
>
  <h1>
    Work History
  </h1>
  <section>
    <h3>
      Capgemini (AIG), Oct-2019 to Present
    </h3>
    <h3>
      Anagh Tech (AIG), Aug-2017 to Oct-2019
    </h3>
    <h4>
      Sr. Consultant. Houston, Tx
    </h4>
    <ul>
      <li>
        Develop and maintain micro-sites and supporting repositories in react, redux.
      </li>
      <li>
        Code review, govern coding standards, maintain branching strategies.
      </li>
      <li>
        Support bi-weekly prod and non-prod deployments.
      </li>
      <li>
        Groom features for team, and coordinate with offshore.
      </li>
      <li>
        Collaborations with other teams inside the company and third parties.
      </li>
      <li>
        Participate in Hackathons and Proof of Concept creations.
      </li>
    </ul>
  </section>
  <hr />
  <section>
    <h3>
      Anagh Tech (HPE/DXE), Nov-2016 to July 2017
    </h3>
    <h4>
      Web Developer, Austin, Tx
    </h4>
    <ul>
      <li>
        Worked on intranet sites using React-Redux and Grommet.
      </li>
      <li>
        Played integral role on close knit team in showcasing agile capabilities to larger teams.
      </li>
      <li>
        Implemented React/Unit testing coding standards.
      </li>
      <li>
        Implemented Redux mock store, Webpack, Axios for api connections,
      </li>
      <li>
        Collaborated with Dev-Ops for deployments.
      </li>
    </ul>
  </section>
  <hr />
  <section>
    <h3>
      Anagh Tech (Code & Theory), June-2016 to Sep 2016
    </h3>
    <h4>
      Web Developer, New York, Ny
    </h4>
    <ul>
      <li>
        Developed websites such as, New york life, Heritage.org and Consumer.com.
      </li>
      <li>
        Created and delivered HTML/Sass prototypes for high-pressure deadlines.
      </li>
      <li>
        Used Jquery for nylife, introduced to React and Es6
      </li>
      <li>
        Experience with setting up Storybook, js animations libraries like Greensock.
      </li>
      <li>
        Collaborated closely with design team for development.
      </li>
    </ul>
  </section>
  <hr />
  <section>
    <h3>
      Utis Technologies, Jun-2015 to May 2016
    </h3>
    <h4>
      Software Developer, Piscataway, Nj
    </h4>
    <ul>
      <li>
        Developed internal websites using AngularJs.
      </li>
      <li>
        Developed HTML5/Sass based documentation dashboard.
      </li>
      <li>
        Worked on various form implementations using JavaScript and Angular.
      </li>
    </ul>
  </section>
</div>
`;
