// Jest Snapshot v1, https://goo.gl/fbAQLP

exports[`Components/Education Test suite Snapshot verification test for Education Component 1`] = `
<section
  className="p-4"
>
  <h1>
    ACADEMIC BACKGROUND
  </h1>
  <section>
    <h3>
      University of Massachusetts, Dartmouth
    </h3>
    <h4>
      Masters in Computer Science, 2014
    </h4>
    <ul>
      <li>
        Completed projects in Matlab and C++.
      </li>
      <li>
        Worked as a webmaster for Umassd.edu and Indian student association.
      </li>
    </ul>
  </section>
  <hr />
  <section>
    <h3>
      University of Mumbai
    </h3>
    <h4>
      Bachelor of Engineering in Computer Science, 2012
    </h4>
    <ul>
      <li>
        Active member of Computer Science society.
      </li>
      <li>
        Worked on airline booking management and analyzed intrusion detection mechanisms.
      </li>
      <li>
        Member of student association for football and online gaming
      </li>
    </ul>
  </section>
</section>
`;
